// Jest Snapshot v1, https://goo.gl/fbAQLP

exports[`Navigation renders properly 1`] = `
<ul
  className="yt1210Controls"
>
  <li>
    <a
      href="/"
      onClick={[Function]}
    >
      Home
    </a>
  </li>
  <li>
    <a
      href="/about"
      onClick={[Function]}
    >
      About
    </a>
  </li>
</ul>
`;
