// Jest Snapshot v1, https://goo.gl/fbAQLP

exports[`About renders properly 1`] = `
<div
  className="About"
>
  <p>
    A video playlist manager with a record player UI.
  </p>
  <p>
    <a
      href="/#v_yTphvyiPU,Rs38lKxmtI4,BuVJEn9wk9Y,e4Ao-iNPPUc,FALYmqt-7TQ,a3Z4RWZa9WA"
    >
      Playlist
    </a>
  </p>
</div>
`;
