// Jest Snapshot v1, https://goo.gl/fbAQLP

exports[`Playlist Title renders properly 1`] = `
<div
  className="PlaylistTitle"
>
  <span>
    Playlist 1
  </span>
</div>
`;
